#-----------------------------------------------------------
# Vivado v2021.2 (64-bit)
# SW Build 3367213 on Tue Oct 19 02:47:39 MDT 2021
# IP Build 3369179 on Thu Oct 21 08:25:16 MDT 2021
# Start of session at: Sat Aug  3 17:47:36 2024
# Process ID: 96431
# Current directory: /home/rvlab/groups/rvlab01/Desktop/testing_saturday/risc-v-lab-group-01
# Command line: vivado
# Log file: /home/rvlab/groups/rvlab01/Desktop/testing_saturday/risc-v-lab-group-01/vivado.log
# Journal file: /home/rvlab/groups/rvlab01/Desktop/testing_saturday/risc-v-lab-group-01/vivado.jou
# Running On: msclab, OS: Linux, CPU Frequency: 3000.000 MHz, CPU Physical cores: 31, Host memory: 404094 MB
#-----------------------------------------------------------
start_gui
create_project project_1 /home/rvlab/groups/rvlab01/Desktop/testing_saturday/risc-v-lab-group-01/project_1 -part xc7a200tsbg484-3
set_property SOURCE_SET sources_1 [get_filesets sim_1]
add_files -fileset sim_1 -norecurse /home/rvlab/groups/rvlab01/Desktop/testing_saturday/risc-v-lab-group-01/src/fv/student_fir_i2s_clk_tb.sv
launch_simulation
